Archive member included to satisfy reference by file (symbol)

/home/teleport/.mcuxpressotools/arm-gnu-toolchain-12.2.rel1-x86_64-arm-none-eabi/bin/../lib/gcc/arm-none-eabi/12.2.1/../../../../arm-none-eabi/lib/thumb/v7e-m+fp/hard/libc_nano.a(libc_a-exit.o)
                              /home/teleport/.mcuxpressotools/arm-gnu-toolchain-12.2.rel1-x86_64-arm-none-eabi/bin/../lib/gcc/arm-none-eabi/12.2.1/../../../../arm-none-eabi/lib/thumb/v7e-m+fp/hard/crt0.o (exit)
/home/teleport/.mcuxpressotools/arm-gnu-toolchain-12.2.rel1-x86_64-arm-none-eabi/bin/../lib/gcc/arm-none-eabi/12.2.1/../../../../arm-none-eabi/lib/thumb/v7e-m+fp/hard/libc_nano.a(libc_a-strtoul.o)
                              CMakeFiles/ecspi_polling_b2b_transfer_master.elf.dir/utilities/fsl_str.c.obj (strtoul)
/home/teleport/.mcuxpressotools/arm-gnu-toolchain-12.2.rel1-x86_64-arm-none-eabi/bin/../lib/gcc/arm-none-eabi/12.2.1/../../../../arm-none-eabi/lib/thumb/v7e-m+fp/hard/libc_nano.a(libc_a-init.o)
                              /home/teleport/.mcuxpressotools/arm-gnu-toolchain-12.2.rel1-x86_64-arm-none-eabi/bin/../lib/gcc/arm-none-eabi/12.2.1/../../../../arm-none-eabi/lib/thumb/v7e-m+fp/hard/crt0.o (__libc_init_array)
/home/teleport/.mcuxpressotools/arm-gnu-toolchain-12.2.rel1-x86_64-arm-none-eabi/bin/../lib/gcc/arm-none-eabi/12.2.1/../../../../arm-none-eabi/lib/thumb/v7e-m+fp/hard/libc_nano.a(libc_a-impure.o)
                              /home/teleport/.mcuxpressotools/arm-gnu-toolchain-12.2.rel1-x86_64-arm-none-eabi/bin/../lib/gcc/arm-none-eabi/12.2.1/../../../../arm-none-eabi/lib/thumb/v7e-m+fp/hard/libc_nano.a(libc_a-strtoul.o) (_impure_ptr)
/home/teleport/.mcuxpressotools/arm-gnu-toolchain-12.2.rel1-x86_64-arm-none-eabi/bin/../lib/gcc/arm-none-eabi/12.2.1/../../../../arm-none-eabi/lib/thumb/v7e-m+fp/hard/libc_nano.a(libc_a-malloc.o)
                              CMakeFiles/ecspi_polling_b2b_transfer_master.elf.dir/drivers/fsl_common.c.obj (malloc)
/home/teleport/.mcuxpressotools/arm-gnu-toolchain-12.2.rel1-x86_64-arm-none-eabi/bin/../lib/gcc/arm-none-eabi/12.2.1/../../../../arm-none-eabi/lib/thumb/v7e-m+fp/hard/libc_nano.a(libc_a-mallocr.o)
                              /home/teleport/.mcuxpressotools/arm-gnu-toolchain-12.2.rel1-x86_64-arm-none-eabi/bin/../lib/gcc/arm-none-eabi/12.2.1/../../../../arm-none-eabi/lib/thumb/v7e-m+fp/hard/libc_nano.a(libc_a-malloc.o) (_malloc_r)
/home/teleport/.mcuxpressotools/arm-gnu-toolchain-12.2.rel1-x86_64-arm-none-eabi/bin/../lib/gcc/arm-none-eabi/12.2.1/../../../../arm-none-eabi/lib/thumb/v7e-m+fp/hard/libc_nano.a(libc_a-findfp.o)
                              /home/teleport/.mcuxpressotools/arm-gnu-toolchain-12.2.rel1-x86_64-arm-none-eabi/bin/../lib/gcc/arm-none-eabi/12.2.1/../../../../arm-none-eabi/lib/thumb/v7e-m+fp/hard/libc_nano.a(libc_a-exit.o) (__stdio_exit_handler)
/home/teleport/.mcuxpressotools/arm-gnu-toolchain-12.2.rel1-x86_64-arm-none-eabi/bin/../lib/gcc/arm-none-eabi/12.2.1/../../../../arm-none-eabi/lib/thumb/v7e-m+fp/hard/libc_nano.a(libc_a-strlen.o)
                              CMakeFiles/ecspi_polling_b2b_transfer_master.elf.dir/utilities/fsl_str.c.obj (strlen)
/home/teleport/.mcuxpressotools/arm-gnu-toolchain-12.2.rel1-x86_64-arm-none-eabi/bin/../lib/gcc/arm-none-eabi/12.2.1/../../../../arm-none-eabi/lib/thumb/v7e-m+fp/hard/libc_nano.a(libc_a-stdio.o)
                              /home/teleport/.mcuxpressotools/arm-gnu-toolchain-12.2.rel1-x86_64-arm-none-eabi/bin/../lib/gcc/arm-none-eabi/12.2.1/../../../../arm-none-eabi/lib/thumb/v7e-m+fp/hard/libc_nano.a(libc_a-findfp.o) (__sread)
/home/teleport/.mcuxpressotools/arm-gnu-toolchain-12.2.rel1-x86_64-arm-none-eabi/bin/../lib/gcc/arm-none-eabi/12.2.1/../../../../arm-none-eabi/lib/thumb/v7e-m+fp/hard/libc_nano.a(libc_a-mlock.o)
                              /home/teleport/.mcuxpressotools/arm-gnu-toolchain-12.2.rel1-x86_64-arm-none-eabi/bin/../lib/gcc/arm-none-eabi/12.2.1/../../../../arm-none-eabi/lib/thumb/v7e-m+fp/hard/libc_nano.a(libc_a-mallocr.o) (__malloc_lock)
/home/teleport/.mcuxpressotools/arm-gnu-toolchain-12.2.rel1-x86_64-arm-none-eabi/bin/../lib/gcc/arm-none-eabi/12.2.1/../../../../arm-none-eabi/lib/thumb/v7e-m+fp/hard/libc_nano.a(libc_a-ctype_.o)
                              /home/teleport/.mcuxpressotools/arm-gnu-toolchain-12.2.rel1-x86_64-arm-none-eabi/bin/../lib/gcc/arm-none-eabi/12.2.1/../../../../arm-none-eabi/lib/thumb/v7e-m+fp/hard/libc_nano.a(libc_a-strtoul.o) (_ctype_)
/home/teleport/.mcuxpressotools/arm-gnu-toolchain-12.2.rel1-x86_64-arm-none-eabi/bin/../lib/gcc/arm-none-eabi/12.2.1/../../../../arm-none-eabi/lib/thumb/v7e-m+fp/hard/libc_nano.a(libc_a-sbrkr.o)
                              /home/teleport/.mcuxpressotools/arm-gnu-toolchain-12.2.rel1-x86_64-arm-none-eabi/bin/../lib/gcc/arm-none-eabi/12.2.1/../../../../arm-none-eabi/lib/thumb/v7e-m+fp/hard/libc_nano.a(libc_a-mallocr.o) (_sbrk_r)
[...]
Memory Configuration

Name             Origin             Length             Attributes
m_interrupts     0x0000000000000000 0x0000000000000400 xr
m_text           0x0000000000000400 0x000000000001fc00 xr
m_data           0x0000000020000000 0x0000000000020000 rw
m_data2          0x0000000080000000 0x0000000001000000 rw
*default*        0x0000000000000000 0xffffffffffffffff

Linker script and memory map

LOAD /home/teleport/.mcuxpressotools/arm-gnu-toolchain-12.2.rel1-x86_64-arm-none-eabi/bin/../lib/gcc/arm-none-eabi/12.2.1/thumb/v7e-m+fp/hard/crti.o
LOAD /home/teleport/.mcuxpressotools/arm-gnu-toolchain-12.2.rel1-x86_64-arm-none-eabi/bin/../lib/gcc/arm-none-eabi/12.2.1/thumb/v7e-m+fp/hard/crtbegin.o
LOAD /home/teleport/.mcuxpressotools/arm-gnu-toolchain-12.2.rel1-x86_64-arm-none-eabi/bin/../lib/gcc/arm-none-eabi/12.2.1/../../../../arm-none-eabi/lib/thumb/v7e-m+fp/hard/crt0.o
LOAD CMakeFiles/ecspi_polling_b2b_transfer_master.elf.dir/board/board.c.obj
LOAD CMakeFiles/ecspi_polling_b2b_transfer_master.elf.dir/board/clock_config.c.obj
LOAD CMakeFiles/ecspi_polling_b2b_transfer_master.elf.dir/board/pin_mux.c.obj
LOAD CMakeFiles/ecspi_polling_b2b_transfer_master.elf.dir/remoteproc/empty_rsc_table.c.obj
LOAD CMakeFiles/ecspi_polling_b2b_transfer_master.elf.dir/source/main.c.obj
LOAD CMakeFiles/ecspi_polling_b2b_transfer_master.elf.dir/source/adc/ads8028.c.obj
LOAD CMakeFiles/ecspi_polling_b2b_transfer_master.elf.dir/component/uart/fsl_adapter_iuart.c.obj
LOAD CMakeFiles/ecspi_polling_b2b_transfer_master.elf.dir/component/lists/fsl_component_generic_list.c.obj
LOAD CMakeFiles/ecspi_polling_b2b_transfer_master.elf.dir/startup/startup_MIMX8ML8_cm7.S.obj
LOAD CMakeFiles/ecspi_polling_b2b_transfer_master.elf.dir/device/system_MIMX8ML8_cm7.c.obj
LOAD CMakeFiles/ecspi_polling_b2b_transfer_master.elf.dir/drivers/fsl_audiomix.c.obj
LOAD CMakeFiles/ecspi_polling_b2b_transfer_master.elf.dir/drivers/fsl_clock.c.obj
LOAD CMakeFiles/ecspi_polling_b2b_transfer_master.elf.dir/drivers/fsl_common.c.obj
LOAD CMakeFiles/ecspi_polling_b2b_transfer_master.elf.dir/drivers/fsl_common_arm.c.obj
LOAD CMakeFiles/ecspi_polling_b2b_transfer_master.elf.dir/drivers/fsl_ecspi.c.obj
LOAD CMakeFiles/ecspi_polling_b2b_transfer_master.elf.dir/drivers/fsl_gpt.c.obj
LOAD CMakeFiles/ecspi_polling_b2b_transfer_master.elf.dir/drivers/fsl_gpio.c.obj
LOAD CMakeFiles/ecspi_polling_b2b_transfer_master.elf.dir/drivers/fsl_uart.c.obj
LOAD CMakeFiles/ecspi_polling_b2b_transfer_master.elf.dir/drivers/fsl_rdc.c.obj
LOAD CMakeFiles/ecspi_polling_b2b_transfer_master.elf.dir/utilities/fsl_sbrk.c.obj
LOAD CMakeFiles/ecspi_polling_b2b_transfer_master.elf.dir/utilities/fsl_syscall_stub.c.obj
LOAD CMakeFiles/ecspi_polling_b2b_transfer_master.elf.dir/utilities/fsl_memcpy.S.obj
LOAD CMakeFiles/ecspi_polling_b2b_transfer_master.elf.dir/utilities/fsl_assert.c.obj
LOAD CMakeFiles/ecspi_polling_b2b_transfer_master.elf.dir/utilities/fsl_str.c.obj
LOAD CMakeFiles/ecspi_polling_b2b_transfer_master.elf.dir/utilities/fsl_debug_console.c.obj
START GROUP
LOAD /home/teleport/.mcuxpressotools/arm-gnu-toolchain-12.2.rel1-x86_64-arm-none-eabi/bin/../lib/gcc/arm-none-eabi/12.2.1/../../../../arm-none-eabi/lib/thumb/v7e-m+fp/hard/libm.a
LOAD /home/teleport/.mcuxpressotools/arm-gnu-toolchain-12.2.rel1-x86_64-arm-none-eabi/bin/../lib/gcc/arm-none-eabi/12.2.1/../../../../arm-none-eabi/lib/thumb/v7e-m+fp/hard/libc_nano.a
LOAD /home/teleport/.mcuxpressotools/arm-gnu-toolchain-12.2.rel1-x86_64-arm-none-eabi/bin/../lib/gcc/arm-none-eabi/12.2.1/thumb/v7e-m+fp/hard/libgcc.a
LOAD /home/teleport/.mcuxpressotools/arm-gnu-toolchain-12.2.rel1-x86_64-arm-none-eabi/bin/../lib/gcc/arm-none-eabi/12.2.1/../../../../arm-none-eabi/lib/thumb/v7e-m+fp/hard/libnosys.a
END GROUP
START GROUP
LOAD /home/teleport/.mcuxpressotools/arm-gnu-toolchain-12.2.rel1-x86_64-arm-none-eabi/bin/../lib/gcc/arm-none-eabi/12.2.1/thumb/v7e-m+fp/hard/libgcc.a
LOAD /home/teleport/.mcuxpressotools/arm-gnu-toolchain-12.2.rel1-x86_64-arm-none-eabi/bin/../lib/gcc/arm-none-eabi/12.2.1/../../../../arm-none-eabi/lib/thumb/v7e-m+fp/hard/libc_nano.a
END GROUP
START GROUP
LOAD /home/teleport/.mcuxpressotools/arm-gnu-toolchain-12.2.rel1-x86_64-arm-none-eabi/bin/../lib/gcc/arm-none-eabi/12.2.1/thumb/v7e-m+fp/hard/libgcc.a
LOAD /home/teleport/.mcuxpressotools/arm-gnu-toolchain-12.2.rel1-x86_64-arm-none-eabi/bin/../lib/gcc/arm-none-eabi/12.2.1/../../../../arm-none-eabi/lib/thumb/v7e-m+fp/hard/libc_nano.a
LOAD /home/teleport/.mcuxpressotools/arm-gnu-toolchain-12.2.rel1-x86_64-arm-none-eabi/bin/../lib/gcc/arm-none-eabi/12.2.1/../../../../arm-none-eabi/lib/thumb/v7e-m+fp/hard/libnosys.a
END GROUP
START GROUP
LOAD /home/teleport/.mcuxpressotools/arm-gnu-toolchain-12.2.rel1-x86_64-arm-none-eabi/bin/../lib/gcc/arm-none-eabi/12.2.1/thumb/v7e-m+fp/hard/libgcc.a
LOAD /home/teleport/.mcuxpressotools/arm-gnu-toolchain-12.2.rel1-x86_64-arm-none-eabi/bin/../lib/gcc/arm-none-eabi/12.2.1/../../../../arm-none-eabi/lib/thumb/v7e-m+fp/hard/libc_nano.a
LOAD /home/teleport/.mcuxpressotools/arm-gnu-toolchain-12.2.rel1-x86_64-arm-none-eabi/bin/../lib/gcc/arm-none-eabi/12.2.1/../../../../arm-none-eabi/lib/thumb/v7e-m+fp/hard/libnosys.a
END GROUP
LOAD /home/teleport/.mcuxpressotools/arm-gnu-toolchain-12.2.rel1-x86_64-arm-none-eabi/bin/../lib/gcc/arm-none-eabi/12.2.1/thumb/v7e-m+fp/hard/crtend.o
LOAD /home/teleport/.mcuxpressotools/arm-gnu-toolchain-12.2.rel1-x86_64-arm-none-eabi/bin/../lib/gcc/arm-none-eabi/12.2.1/thumb/v7e-m+fp/hard/crtn.o
                0x0000000000000400                HEAP_SIZE = DEFINED (__heap_size__)?__heap_size__:0x400
                0x0000000000000400                STACK_SIZE = DEFINED (__stack_size__)?__stack_size__:0x400

.interrupts     0x0000000000000000      0x2a8
                0x0000000000000000                __VECTOR_TABLE = .
                0x0000000000000000                __Vectors = .
                0x0000000000000000                . = ALIGN (0x4)
 *(.isr_vector)
 .isr_vector    0x0000000000000000      0x2a8 CMakeFiles/ecspi_polling_b2b_transfer_master.elf.dir/startup/startup_MIMX8ML8_cm7.S.obj
                0x0000000000000000                __isr_vector
                0x00000000000002a8                . = ALIGN (0x4)

.resource_table
                0x0000000000000400       0x10
                0x0000000000000400                . = ALIGN (0x8)
 *(.resource_table)
 .resource_table
                0x0000000000000400       0x10 CMakeFiles/ecspi_polling_b2b_transfer_master.elf.dir/remoteproc/empty_rsc_table.c.obj
                0x0000000000000400                resource_table
                0x0000000000000410                . = ALIGN (0x8)

.text           0x0000000000000410     0x2154
                0x0000000000000410                . = ALIGN (0x4)
 *(.text)
 .text          0x0000000000000410       0x7c /home/teleport/.mcuxpressotools/arm-gnu-toolchain-12.2.rel1-x86_64-arm-none-eabi/bin/../lib/gcc/arm-none-eabi/12.2.1/../../../../arm-none-eabi/lib/thumb/v7e-m+fp/hard/crt0.o
                0x0000000000000410                _stack_init
                0x0000000000000418                _mainCRTStartup
                0x0000000000000418                _start
 .text          0x000000000000048c      0x588 CMakeFiles/ecspi_polling_b2b_transfer_master.elf.dir/startup/startup_MIMX8ML8_cm7.S.obj
                0x000000000000048c                Reset_Handler
                0x0000000000000518                VPU_G2_DriverIRQHandler
                0x0000000000000518                PWM2_DriverIRQHandler
                0x0000000000000518                CAAM_ERROR_DriverIRQHandler
                0x0000000000000518                DebugMon_Handler
                0x0000000000000518                EDMA1_0_15_DriverIRQHandler
                0x0000000000000518                CPU_Error_AXI_DriverIRQHandler
                0x0000000000000518                BCH_DriverIRQHandler
                0x0000000000000518                VPU_G1_DriverIRQHandler
                0x0000000000000518                SNVS_Consolidated_DriverIRQHandler
                0x0000000000000518                MIPI_CSI1_DriverIRQHandler
                0x0000000000000518                MECC_ERR_DriverIRQHandler
                0x0000000000000518                PWM4_DriverIRQHandler
                0x0000000000000518                LCDIF1_DriverIRQHandler
                0x0000000000000518                RDC_DriverIRQHandler
                0x0000000000000518                GPIO3_Combined_0_15_DriverIRQHandler
                0x0000000000000518                USB2_WAKEUP_DriverIRQHandler
                0x0000000000000518                DDR_ERR_DriverIRQHandler
                0x0000000000000518                I2S2_DriverIRQHandler
                0x0000000000000518                I2C3_DriverIRQHandler
                0x0000000000000518                HS_CP0_DriverIRQHandler
                0x0000000000000518                GPMI_DriverIRQHandler
                0x0000000000000518                MU3_AUDIO_DriverIRQHandler
                0x0000000000000518                ISI_DriverIRQHandler
                0x0000000000000518                I2C2_DriverIRQHandler
                0x0000000000000518                ENET_QOS_PMT_DriverIRQHandler
                0x0000000000000518                MIPI_CSI2_DriverIRQHandler
                0x0000000000000518                GPIO2_Combined_16_31_DriverIRQHandler
                0x0000000000000518                PERFMON1_DriverIRQHandler
                0x0000000000000518                UsageFault_Handler
                0x0000000000000518                SCTR_IRQ0_DriverIRQHandler
                0x0000000000000518                CAAM_IRQ0_DriverIRQHandler
                0x0000000000000518                DDR_PerformanceMonitor_DriverIRQHandler
                0x0000000000000518                DefaultISR
                0x0000000000000518                CPU_PerformanceUnit_DriverIRQHandler
                0x0000000000000518                CAN_FD1_DriverIRQHandler
                0x0000000000000518                CPU_Error_L2RAM_DriverIRQHandler
                0x0000000000000518                I2S3_DriverIRQHandler
                0x0000000000000518                SDMA2_DriverIRQHandler
                0x0000000000000518                SRC_DriverIRQHandler
                0x0000000000000518                GPIO1_INT4_DriverIRQHandler
                0x0000000000000518                HS_CP1_DriverIRQHandler
                0x0000000000000518                USDHC1_DriverIRQHandler
                0x0000000000000518                WDOG1_DriverIRQHandler
                0x0000000000000518                SDMA1_DriverIRQHandler
                0x0000000000000518                GPIO1_Combined_16_31_DriverIRQHandler
                0x0000000000000518                GPIO1_INT7_DriverIRQHandler
                0x0000000000000518                MIPI_DSI_DriverIRQHandler
                0x0000000000000518                TZASC_DriverIRQHandler
                0x0000000000000518                GPIO5_Combined_0_15_DriverIRQHandler
                0x0000000000000518                GPIO1_INT0_DriverIRQHandler
                0x0000000000000518                GPIO1_INT2_DriverIRQHandler
                0x0000000000000518                GPU2D_DriverIRQHandler
                0x0000000000000518                RTIC_DriverIRQHandler
                0x0000000000000518                CAN_FD1_ERROR_DriverIRQHandler
                0x0000000000000518                EDMA1_ERR_DriverIRQHandler
                0x0000000000000518                GPT2_DriverIRQHandler
                0x0000000000000518                SCTR_IRQ1_DriverIRQHandler
                0x0000000000000518                VPU_DriverIRQHandler
                0x0000000000000518                I2S1_DriverIRQHandler
                0x0000000000000518                SNVS_Security_DriverIRQHandler
                0x0000000000000518                I2S7_DriverIRQHandler
                0x0000000000000518                AUD2HTX_DriverIRQHandler
                0x0000000000000518                PCIE_EDMA_DriverIRQHandler
                0x0000000000000518                PDM_ERROR_DriverIRQHandler
                0x0000000000000518                I2S56_DriverIRQHandler
                0x0000000000000518                ML_DriverIRQHandler
                0x0000000000000518                SJC_DriverIRQHandler
                0x0000000000000518                CAAM_IRQ1_DriverIRQHandler
                0x0000000000000518                PCIE_CTRL1_2_DriverIRQHandler
                0x0000000000000518                PERFMON2_DriverIRQHandler
                0x0000000000000518                GPT6_DriverIRQHandler
                0x0000000000000518                EDMA1_16_31_DriverIRQHandler
                0x0000000000000518                GPT5_DriverIRQHandler
                0x0000000000000518                DDR_DriverIRQHandler
                0x0000000000000518                GPT1_DriverIRQHandler
                0x0000000000000518                CAAM_IRQ2_DriverIRQHandler
                0x0000000000000518                SNVS_DriverIRQHandler
                0x0000000000000518                CSU_DriverIRQHandler
                0x0000000000000518                USDHC3_DriverIRQHandler
                0x0000000000000518                GPIO1_INT5_DriverIRQHandler
                0x0000000000000518                QOS_DriverIRQHandler
                0x0000000000000518                HDMI_TX_DriverIRQHandler
                0x0000000000000518                FlexSPI_DriverIRQHandler
                0x0000000000000518                DEWARP_DriverIRQHandler
                0x0000000000000518                GPIO1_Combined_0_15_DriverIRQHandler
                0x0000000000000518                USDHC2_DriverIRQHandler
                0x0000000000000518                WDOG3_DriverIRQHandler
                0x0000000000000518                MemManage_Handler
                0x0000000000000518                USB1_WAKEUP_DriverIRQHandler
                0x0000000000000518                PDM_EVENT_DriverIRQHandler
                0x0000000000000518                I2C4_DriverIRQHandler
                0x0000000000000518                USB1_DriverIRQHandler
                0x0000000000000518                GPIO3_Combined_16_31_DriverIRQHandler
                0x0000000000000518                AUDIO_XCVR1_DriverIRQHandler
                0x0000000000000518                PWM1_DriverIRQHandler
                0x0000000000000518                MU3_M7_DriverIRQHandler
                0x0000000000000518                PCIE_CTRL1_3_DriverIRQHandler
                0x0000000000000518                GPT4_DriverIRQHandler
                0x0000000000000518                MU2_A53_DriverIRQHandler
                0x0000000000000518                I2C1_DriverIRQHandler
                0x0000000000000518                AUDIO_XCVR_DriverIRQHandler
                0x0000000000000518                SDMA3_DriverIRQHandler
                0x0000000000000518                CM7_CTI_DriverIRQHandler
                0x0000000000000518                DAP_DriverIRQHandler
                0x0000000000000518                Reserved16_DriverIRQHandler
                0x0000000000000518                ENET_QOS_DriverIRQHandler
                0x0000000000000518                I2C6_DriverIRQHandler
                0x0000000000000518                ENET1_DriverIRQHandler
                0x0000000000000518                ISP2_DriverIRQHandler
                0x0000000000000518                GPIO1_INT3_DriverIRQHandler
                0x0000000000000518                MECC_DriverIRQHandler
                0x0000000000000518                MECC_S_DriverIRQHandler
                0x0000000000000518                PCIE_CTRL1_1_DriverIRQHandler
                0x0000000000000518                APBHDMA_DriverIRQHandler
                0x0000000000000518                ENET1_MAC0_Rx_Tx_Done1_DriverIRQHandler
                0x0000000000000518                GPC_DriverIRQHandler
                0x0000000000000518                GPIO2_Combined_0_15_DriverIRQHandler
                0x0000000000000518                GPT3_DriverIRQHandler
                0x0000000000000518                CAN_FD2_DriverIRQHandler
                0x0000000000000518                CCM_IRQ2_DriverIRQHandler
                0x0000000000000518                PCIE_CTRL1_0_DriverIRQHandler
                0x0000000000000518                LCDIF2_DriverIRQHandler
                0x0000000000000518                WDOG2_DriverIRQHandler
                0x0000000000000518                ANAMIX_DriverIRQHandler
                0x0000000000000518                MECC_S_ERR_DriverIRQHandler
                0x0000000000000518                USB2_DriverIRQHandler
                0x0000000000000518                GPIO4_Combined_0_15_DriverIRQHandler
                0x0000000000000518                I2C5_DriverIRQHandler
                0x0000000000000518                GPIO4_Combined_16_31_DriverIRQHandler
                0x0000000000000518                ISP1_DriverIRQHandler
                0x0000000000000518                GPIO5_Combined_16_31_DriverIRQHandler
                0x0000000000000518                PCIE_CTRL1_ERR_DriverIRQHandler
                0x0000000000000518                ASRC_DriverIRQHandler
                0x0000000000000518                CAN_FD2_ERROR_DriverIRQHandler
                0x0000000000000518                BusFault_Handler
                0x0000000000000518                ENET1_1588_Timer_DriverIRQHandler
                0x0000000000000518                GPU3D_DriverIRQHandler
                0x0000000000000518                PDM_HWVAD_ERROR_DriverIRQHandler
                0x0000000000000518                PCIE_CTRL1_DriverIRQHandler
                0x0000000000000518                CCM_IRQ1_DriverIRQHandler
                0x0000000000000518                ENET1_MAC0_Rx_Tx_Done2_DriverIRQHandler
                0x0000000000000518                CPU_CTI_Trigger_DriverIRQHandler
                0x0000000000000518                PDM_HWVAD_EVENT_DriverIRQHandler
                0x0000000000000518                MU1_M7_DriverIRQHandler
                0x0000000000000518                MU2_AUDIO_DriverIRQHandler
                0x0000000000000518                PWM3_DriverIRQHandler
                0x0000000000000518                AUDIO_XCVR0_DriverIRQHandler
                0x0000000000000518                GPIO1_INT6_DriverIRQHandler
                0x0000000000000518                GPIO1_INT1_DriverIRQHandler
                0x0000000000000518                ISI_CH1_DriverIRQHandler
                0x0000000000000518                SRC_Combined_DriverIRQHandler
                0x0000000000000518                MU1_A53_DriverIRQHandler
                0x000000000000051c                NMI_Handler
                0x0000000000000520                HardFault_Handler
                0x0000000000000524                SVC_Handler
                0x0000000000000528                PendSV_Handler
                0x000000000000052c                SysTick_Handler
                0x0000000000000530                Reserved16_IRQHandler
                0x0000000000000534                DAP_IRQHandler
                0x0000000000000538                SDMA1_IRQHandler
                0x000000000000053c                GPU3D_IRQHandler
                0x0000000000000540                SNVS_IRQHandler
                0x0000000000000544                LCDIF1_IRQHandler
                0x0000000000000548                LCDIF2_IRQHandler
                0x000000000000054c                VPU_G1_IRQHandler
                0x0000000000000550                VPU_G2_IRQHandler
                0x0000000000000554                QOS_IRQHandler
                0x0000000000000558                WDOG3_IRQHandler
                0x000000000000055c                HS_CP1_IRQHandler
                0x0000000000000560                APBHDMA_IRQHandler
                0x0000000000000564                ML_IRQHandler
                0x0000000000000568                BCH_IRQHandler
                0x000000000000056c                GPMI_IRQHandler
                0x0000000000000570                ISI_IRQHandler
                0x0000000000000574                MIPI_CSI1_IRQHandler
                0x0000000000000578                MIPI_DSI_IRQHandler
                0x000000000000057c                SNVS_Consolidated_IRQHandler
                0x0000000000000580                SNVS_Security_IRQHandler
                0x0000000000000584                CSU_IRQHandler
                0x0000000000000588                USDHC1_IRQHandler
                0x000000000000058c                USDHC2_IRQHandler
                0x0000000000000590                USDHC3_IRQHandler
                0x0000000000000594                GPU2D_IRQHandler
                0x0000000000000598                UART1_IRQHandler
                0x000000000000059c                UART2_IRQHandler
                0x00000000000005a0                UART3_IRQHandler
                0x00000000000005a4                UART4_IRQHandler
                0x00000000000005a8                VPU_IRQHandler
                0x00000000000005ac                ECSPI1_IRQHandler
                0x00000000000005b0                ECSPI2_IRQHandler
                0x00000000000005b4                ECSPI3_IRQHandler
                0x00000000000005b8                SDMA3_IRQHandler
                0x00000000000005bc                I2C1_IRQHandler
                0x00000000000005c0                I2C2_IRQHandler
                0x00000000000005c4                I2C3_IRQHandler
                0x00000000000005c8                I2C4_IRQHandler
                0x00000000000005cc                RDC_IRQHandler
                0x00000000000005d0                USB1_IRQHandler
                0x00000000000005d4                USB2_IRQHandler
                0x00000000000005d8                ISI_CH1_IRQHandler
                0x00000000000005dc                HDMI_TX_IRQHandler
                0x00000000000005e0                PDM_HWVAD_EVENT_IRQHandler
                0x00000000000005e4                PDM_HWVAD_ERROR_IRQHandler
                0x00000000000005e8                GPT6_IRQHandler
                0x00000000000005ec                SCTR_IRQ0_IRQHandler
                0x00000000000005f0                SCTR_IRQ1_IRQHandler
                0x00000000000005f4                ANAMIX_IRQHandler
                0x00000000000005f8                I2S3_IRQHandler
                0x00000000000005fc                GPT5_IRQHandler
                0x0000000000000600                GPT4_IRQHandler
                0x0000000000000604                GPT3_IRQHandler
                0x0000000000000608                GPT2_IRQHandler
                0x000000000000060c                GPT1_IRQHandler
                0x0000000000000610                GPIO1_INT7_IRQHandler
                0x0000000000000614                GPIO1_INT6_IRQHandler
                0x0000000000000618                GPIO1_INT5_IRQHandler
                0x000000000000061c                GPIO1_INT4_IRQHandler
                0x0000000000000620                GPIO1_INT3_IRQHandler
                0x0000000000000624                GPIO1_INT2_IRQHandler
                0x0000000000000628                GPIO1_INT1_IRQHandler
                0x000000000000062c                GPIO1_INT0_IRQHandler
                0x0000000000000630                GPIO1_Combined_0_15_IRQHandler
                0x0000000000000634                GPIO1_Combined_16_31_IRQHandler
                0x0000000000000638                GPIO2_Combined_0_15_IRQHandler
                0x000000000000063c                GPIO2_Combined_16_31_IRQHandler
                0x0000000000000640                GPIO3_Combined_0_15_IRQHandler
                0x0000000000000644                GPIO3_Combined_16_31_IRQHandler
                0x0000000000000648                GPIO4_Combined_0_15_IRQHandler
                0x000000000000064c                GPIO4_Combined_16_31_IRQHandler
                0x0000000000000650                GPIO5_Combined_0_15_IRQHandler
                0x0000000000000654                GPIO5_Combined_16_31_IRQHandler
                0x0000000000000658                ISP1_IRQHandler
                0x000000000000065c                ISP2_IRQHandler
                0x0000000000000660                I2C5_IRQHandler
                0x0000000000000664                I2C6_IRQHandler
                0x0000000000000668                WDOG1_IRQHandler
                0x000000000000066c                WDOG2_IRQHandler
                0x0000000000000670                MIPI_CSI2_IRQHandler
                0x0000000000000674                PWM1_IRQHandler
                0x0000000000000678                PWM2_IRQHandler
                0x000000000000067c                PWM3_IRQHandler
                0x0000000000000680                PWM4_IRQHandler
                0x0000000000000684                CCM_IRQ1_IRQHandler
                0x0000000000000688                CCM_IRQ2_IRQHandler
                0x000000000000068c                GPC_IRQHandler
                0x0000000000000690                MU1_A53_IRQHandler
                0x0000000000000694                SRC_IRQHandler
                0x0000000000000698                I2S56_IRQHandler
                0x000000000000069c                RTIC_IRQHandler
                0x00000000000006a0                CPU_PerformanceUnit_IRQHandler
                0x00000000000006a4                CPU_CTI_Trigger_IRQHandler
                0x00000000000006a8                SRC_Combined_IRQHandler
                0x00000000000006ac                I2S1_IRQHandler
                0x00000000000006b0                I2S2_IRQHandler
                0x00000000000006b4                MU1_M7_IRQHandler
                0x00000000000006b8                DDR_PerformanceMonitor_IRQHandler
                0x00000000000006bc                DDR_IRQHandler
                0x00000000000006c0                DEWARP_IRQHandler
                0x00000000000006c4                CPU_Error_AXI_IRQHandler
                0x00000000000006c8                CPU_Error_L2RAM_IRQHandler
                0x00000000000006cc                SDMA2_IRQHandler
                0x00000000000006d0                SJC_IRQHandler
                0x00000000000006d4                CAAM_IRQ0_IRQHandler
                0x00000000000006d8                CAAM_IRQ1_IRQHandler
                0x00000000000006dc                FlexSPI_IRQHandler
                0x00000000000006e0                TZASC_IRQHandler
                0x00000000000006e4                PDM_EVENT_IRQHandler
                0x00000000000006e8                PDM_ERROR_IRQHandler
                0x00000000000006ec                I2S7_IRQHandler
                0x00000000000006f0                PERFMON1_IRQHandler
                0x00000000000006f4                PERFMON2_IRQHandler
                0x00000000000006f8                CAAM_IRQ2_IRQHandler
                0x00000000000006fc                CAAM_ERROR_IRQHandler
                0x0000000000000700                HS_CP0_IRQHandler
                0x0000000000000704                CM7_CTI_IRQHandler
                0x0000000000000708                ENET1_MAC0_Rx_Tx_Done1_IRQHandler
                0x000000000000070c                ENET1_MAC0_Rx_Tx_Done2_IRQHandler
                0x0000000000000710                ENET1_IRQHandler
                0x0000000000000714                ENET1_1588_Timer_IRQHandler
                0x0000000000000718                ASRC_IRQHandler
                0x000000000000071c                PCIE_CTRL1_0_IRQHandler
                0x0000000000000720                PCIE_CTRL1_1_IRQHandler
                0x0000000000000724                PCIE_CTRL1_2_IRQHandler
                0x0000000000000728                PCIE_CTRL1_3_IRQHandler
                0x000000000000072c                PCIE_EDMA_IRQHandler
                0x0000000000000730                AUDIO_XCVR0_IRQHandler
                0x0000000000000734                AUDIO_XCVR1_IRQHandler
                0x0000000000000738                AUD2HTX_IRQHandler
                0x000000000000073c                EDMA1_ERR_IRQHandler
                0x0000000000000740                EDMA1_0_15_IRQHandler
                0x0000000000000744                EDMA1_16_31_IRQHandler
                0x0000000000000748                ENET_QOS_PMT_IRQHandler
                0x000000000000074c                ENET_QOS_IRQHandler
                0x0000000000000750                MU2_A53_IRQHandler
                0x0000000000000754                MU2_AUDIO_IRQHandler
                0x0000000000000758                MU3_M7_IRQHandler
                0x000000000000075c                MU3_AUDIO_IRQHandler
                0x0000000000000760                PCIE_CTRL1_IRQHandler
                0x0000000000000764                PCIE_CTRL1_ERR_IRQHandler
                0x0000000000000768                CAN_FD1_IRQHandler
                0x000000000000076c                CAN_FD1_ERROR_IRQHandler
                0x0000000000000770                CAN_FD2_IRQHandler
                0x0000000000000774                CAN_FD2_ERROR_IRQHandler
                0x0000000000000778                AUDIO_XCVR_IRQHandler
                0x000000000000077c                DDR_ERR_IRQHandler
                0x0000000000000780                USB1_WAKEUP_IRQHandler
                0x0000000000000784                USB2_WAKEUP_IRQHandler
                0x0000000000000788                MECC_IRQHandler
                0x000000000000078c                MECC_ERR_IRQHandler
                0x0000000000000790                MECC_S_IRQHandler
                0x0000000000000794                MECC_S_ERR_IRQHandler
 .text          0x0000000000000a14       0xa0 CMakeFiles/ecspi_polling_b2b_transfer_master.elf.dir/utilities/fsl_memcpy.S.obj
                0x0000000000000a14                memcpy
 .text          0x0000000000000ab4       0x30 /home/teleport/.mcuxpressotools/arm-gnu-toolchain-12.2.rel1-x86_64-arm-none-eabi/bin/../lib/gcc/arm-none-eabi/12.2.1/thumb/v7e-m+fp/hard/libgcc.a(_aeabi_uldivmod.o)
                0x0000000000000ab4                __aeabi_uldivmod
 .text          0x0000000000000ae4        0x4 /home/teleport/.mcuxpressotools/arm-gnu-toolchain-12.2.rel1-x86_64-arm-none-eabi/bin/../lib/gcc/arm-none-eabi/12.2.1/thumb/v7e-m+fp/hard/libgcc.a(_dvmd_tls.o)
                0x0000000000000ae4                __aeabi_ldiv0
                0x0000000000000ae4                __aeabi_idiv0
 *(.text*)
 .text.deregister_tm_clones
                0x0000000000000ae8       0x1c /home/teleport/.mcuxpressotools/arm-gnu-toolchain-12.2.rel1-x86_64-arm-none-eabi/bin/../lib/gcc/arm-none-eabi/12.2.1/thumb/v7e-m+fp/hard/crtbegin.o
 .text.register_tm_clones
                0x0000000000000b04       0x24 /home/teleport/.mcuxpressotools/arm-gnu-toolchain-12.2.rel1-x86_64-arm-none-eabi/bin/../lib/gcc/arm-none-eabi/12.2.1/thumb/v7e-m+fp/hard/crtbegin.o
 .text.__do_global_dtors_aux
                0x0000000000000b28       0x28 /home/teleport/.mcuxpressotools/arm-gnu-toolchain-12.2.rel1-x86_64-arm-none-eabi/bin/../lib/gcc/arm-none-eabi/12.2.1/thumb/v7e-m+fp/hard/crtbegin.o
 .text.frame_dummy
                0x0000000000000b50       0x24 /home/teleport/.mcuxpressotools/arm-gnu-toolchain-12.2.rel1-x86_64-arm-none-eabi/bin/../lib/gcc/arm-none-eabi/12.2.1/thumb/v7e-m+fp/hard/crtbegin.o
 .text.BOARD_InitDebugConsole
                0x0000000000000b74       0x44 CMakeFiles/ecspi_polling_b2b_transfer_master.elf.dir/board/board.c.obj
                0x0000000000000b74                BOARD_InitDebugConsole
 .text.BOARD_InitMemory
                0x0000000000000bb8      0x204 CMakeFiles/ecspi_polling_b2b_transfer_master.elf.dir/board/board.c.obj
                0x0000000000000bb8                BOARD_InitMemory
 .text.BOARD_RdcInit
                0x0000000000000dbc       0x84 CMakeFiles/ecspi_polling_b2b_transfer_master.elf.dir/board/board.c.obj
                0x0000000000000dbc                BOARD_RdcInit
 .text.BOARD_BootClockRUN
                0x0000000000000e40      0x16c CMakeFiles/ecspi_polling_b2b_transfer_master.elf.dir/board/clock_config.c.obj
                0x0000000000000e40                BOARD_BootClockRUN
 .text.pinctrl_adc
                0x0000000000000fac       0x6c CMakeFiles/ecspi_polling_b2b_transfer_master.elf.dir/board/pin_mux.c.obj
                0x0000000000000fac                pinctrl_adc
 .text.BOARD_InitBootPins
                0x0000000000001018        0x4 CMakeFiles/ecspi_polling_b2b_transfer_master.elf.dir/board/pin_mux.c.obj
                0x0000000000001018                BOARD_InitBootPins
 .text.writeToSharedMemoryFrom
                0x000000000000101c        0xc CMakeFiles/ecspi_polling_b2b_transfer_master.elf.dir/source/main.c.obj
                0x000000000000101c                writeToSharedMemoryFrom
 .text.setupECSPI2
                0x0000000000001028       0xb8 CMakeFiles/ecspi_polling_b2b_transfer_master.elf.dir/source/main.c.obj
                0x0000000000001028                setupECSPI2
 .text.setupDigitalInputs
                0x00000000000010e0       0x58 CMakeFiles/ecspi_polling_b2b_transfer_master.elf.dir/source/main.c.obj
                0x00000000000010e0                setupDigitalInputs
 .text.start2MHzTimer
                0x0000000000001138       0x54 CMakeFiles/ecspi_polling_b2b_transfer_master.elf.dir/source/main.c.obj
                0x0000000000001138                start2MHzTimer
 .text.startup.main
                0x000000000000118c       0x8c CMakeFiles/ecspi_polling_b2b_transfer_master.elf.dir/source/main.c.obj
                0x000000000000118c                main
 .text.createADCReadCommand
                0x0000000000001218       0x12 CMakeFiles/ecspi_polling_b2b_transfer_master.elf.dir/source/adc/ads8028.c.obj
                0x0000000000001218                createADCReadCommand
 *fill*         0x000000000000122a        0x2 
 .text.readADCbyChannel
                0x000000000000122c       0x30 CMakeFiles/ecspi_polling_b2b_transfer_master.elf.dir/source/adc/ads8028.c.obj
                0x000000000000122c                readADCbyChannel
 .text.readAllChannels
                0x000000000000125c       0x3c CMakeFiles/ecspi_polling_b2b_transfer_master.elf.dir/source/adc/ads8028.c.obj
                0x000000000000125c                readAllChannels
 .text.HAL_UartInit
                0x0000000000001298       0x6c CMakeFiles/ecspi_polling_b2b_transfer_master.elf.dir/component/uart/fsl_adapter_iuart.c.obj
                0x0000000000001298                HAL_UartInit
 .text.HAL_UartReceiveBlocking
                0x0000000000001304       0x20 CMakeFiles/ecspi_polling_b2b_transfer_master.elf.dir/component/uart/fsl_adapter_iuart.c.obj
                0x0000000000001304                HAL_UartReceiveBlocking
 .text.HAL_UartSendBlocking
                0x0000000000001324       0x18 CMakeFiles/ecspi_polling_b2b_transfer_master.elf.dir/component/uart/fsl_adapter_iuart.c.obj
                0x0000000000001324                HAL_UartSendBlocking
 .text.GetFracPllFreq
                0x000000000000133c       0x44 CMakeFiles/ecspi_polling_b2b_transfer_master.elf.dir/device/system_MIMX8ML8_cm7.c.obj
                0x000000000000133c                GetFracPllFreq
 .text.GetIntegerPllFreq
                0x0000000000001380       0x44 CMakeFiles/ecspi_polling_b2b_transfer_master.elf.dir/device/system_MIMX8ML8_cm7.c.obj
                0x0000000000001380                GetIntegerPllFreq
 .text.SystemCoreClockUpdate
                0x00000000000013c4       0x9c CMakeFiles/ecspi_polling_b2b_transfer_master.elf.dir/device/system_MIMX8ML8_cm7.c.obj
                0x00000000000013c4                SystemCoreClockUpdate
 .text.SystemInitHook
                0x0000000000001460        0x2 CMakeFiles/ecspi_polling_b2b_transfer_master.elf.dir/device/system_MIMX8ML8_cm7.c.obj
                0x0000000000001460                SystemInitHook
 *fill*         0x0000000000001462        0x2 
 .text.SystemInit
                0x0000000000001464       0x1c CMakeFiles/ecspi_polling_b2b_transfer_master.elf.dir/device/system_MIMX8ML8_cm7.c.obj
                0x0000000000001464                SystemInit
 .text.AUDIOMIX_InitAudioPll
                0x0000000000001480       0x64 CMakeFiles/ecspi_polling_b2b_transfer_master.elf.dir/drivers/fsl_audiomix.c.obj
                0x0000000000001480                AUDIOMIX_InitAudioPll
 .text.CLOCK_GetPllRefClkFreq
                0x00000000000014e4       0x20 CMakeFiles/ecspi_polling_b2b_transfer_master.elf.dir/drivers/fsl_clock.c.obj
                0x00000000000014e4                CLOCK_GetPllRefClkFreq
 .text.CLOCK_InitFracPll
                0x0000000000001504       0x54 CMakeFiles/ecspi_polling_b2b_transfer_master.elf.dir/drivers/fsl_clock.c.obj
                0x0000000000001504                CLOCK_InitFracPll
 .text.CLOCK_InitAudioPll1
                0x0000000000001558       0x28 CMakeFiles/ecspi_polling_b2b_transfer_master.elf.dir/drivers/fsl_clock.c.obj
                0x0000000000001558                CLOCK_InitAudioPll1
 .text.CLOCK_InitAudioPll2
                0x0000000000001580       0x2c CMakeFiles/ecspi_polling_b2b_transfer_master.elf.dir/drivers/fsl_clock.c.obj
                0x0000000000001580                CLOCK_InitAudioPll2
 .text.CLOCK_GetFracPllFreq
                0x00000000000015ac       0x40 CMakeFiles/ecspi_polling_b2b_transfer_master.elf.dir/drivers/fsl_clock.c.obj
                0x00000000000015ac                CLOCK_GetFracPllFreq
 .text.CLOCK_GetIntegerPllFreq
                0x00000000000015ec       0x36 CMakeFiles/ecspi_polling_b2b_transfer_master.elf.dir/drivers/fsl_clock.c.obj
                0x00000000000015ec                CLOCK_GetIntegerPllFreq
 *fill*         0x0000000000001622        0x2 
 .text.CLOCK_GetPllFreq
                0x0000000000001624       0xb4 CMakeFiles/ecspi_polling_b2b_transfer_master.elf.dir/drivers/fsl_clock.c.obj
                0x0000000000001624                CLOCK_GetPllFreq
 .text.CLOCK_SetRootDivider
                0x00000000000016d8       0x20 CMakeFiles/ecspi_polling_b2b_transfer_master.elf.dir/drivers/fsl_clock.c.obj
                0x00000000000016d8                CLOCK_SetRootDivider
 .text.CLOCK_EnableClock
                0x00000000000016f8       0x50 CMakeFiles/ecspi_polling_b2b_transfer_master.elf.dir/drivers/fsl_clock.c.obj
                0x00000000000016f8                CLOCK_EnableClock
 .text.ECSPI_CommonIRQHandler
                0x0000000000001748       0x28 CMakeFiles/ecspi_polling_b2b_transfer_master.elf.dir/drivers/fsl_ecspi.c.obj
 .text.ECSPI_GetInstance
                0x0000000000001770       0x2c CMakeFiles/ecspi_polling_b2b_transfer_master.elf.dir/drivers/fsl_ecspi.c.obj
                0x0000000000001770                ECSPI_GetInstance
 .text.ECSPI_MasterGetDefaultConfig
                0x000000000000179c       0x44 CMakeFiles/ecspi_polling_b2b_transfer_master.elf.dir/drivers/fsl_ecspi.c.obj
                0x000000000000179c                ECSPI_MasterGetDefaultConfig
 .text.ECSPI_SetBaudRate
                0x00000000000017e0       0x7a CMakeFiles/ecspi_polling_b2b_transfer_master.elf.dir/drivers/fsl_ecspi.c.obj
                0x00000000000017e0                ECSPI_SetBaudRate
 *fill*         0x000000000000185a        0x2 
 .text.ECSPI_SetChannelConfig
                0x000000000000185c      0x120 CMakeFiles/ecspi_polling_b2b_transfer_master.elf.dir/drivers/fsl_ecspi.c.obj
                0x000000000000185c                ECSPI_SetChannelConfig
 .text.ECSPI_MasterInit
                0x000000000000197c       0x88 CMakeFiles/ecspi_polling_b2b_transfer_master.elf.dir/drivers/fsl_ecspi.c.obj
                0x000000000000197c                ECSPI_MasterInit
 .text.ECSPI_WriteBlocking
                0x0000000000001a04       0x22 CMakeFiles/ecspi_polling_b2b_transfer_master.elf.dir/drivers/fsl_ecspi.c.obj
                0x0000000000001a04                ECSPI_WriteBlocking
 .text.ECSPI_MasterTransferBlocking
                0x0000000000001a26       0xa6 CMakeFiles/ecspi_polling_b2b_transfer_master.elf.dir/drivers/fsl_ecspi.c.obj
                0x0000000000001a26                ECSPI_MasterTransferBlocking
 .text.ECSPI1_DriverIRQHandler
                0x0000000000001acc       0x14 CMakeFiles/ecspi_polling_b2b_transfer_master.elf.dir/drivers/fsl_ecspi.c.obj
                0x0000000000001acc                ECSPI1_DriverIRQHandler
 .text.ECSPI2_DriverIRQHandler
                0x0000000000001ae0       0x14 CMakeFiles/ecspi_polling_b2b_transfer_master.elf.dir/drivers/fsl_ecspi.c.obj
                0x0000000000001ae0                ECSPI2_DriverIRQHandler
 .text.ECSPI3_DriverIRQHandler
                0x0000000000001af4       0x14 CMakeFiles/ecspi_polling_b2b_transfer_master.elf.dir/drivers/fsl_ecspi.c.obj
                0x0000000000001af4                ECSPI3_DriverIRQHandler
 .text.GPT_Init
                0x0000000000001b08       0x9c CMakeFiles/ecspi_polling_b2b_transfer_master.elf.dir/drivers/fsl_gpt.c.obj
                0x0000000000001b08                GPT_Init
 .text.GPT_GetDefaultConfig
                0x0000000000001ba4       0x24 CMakeFiles/ecspi_polling_b2b_transfer_master.elf.dir/drivers/fsl_gpt.c.obj
                0x0000000000001ba4                GPT_GetDefaultConfig
 .text.GPIO_PinWrite
                0x0000000000001bc8       0x16 CMakeFiles/ecspi_polling_b2b_transfer_master.elf.dir/drivers/fsl_gpio.c.obj
                0x0000000000001bc8                GPIO_PinWrite
 .text.GPIO_PinSetInterruptConfig
                0x0000000000001bde       0x7a CMakeFiles/ecspi_polling_b2b_transfer_master.elf.dir/drivers/fsl_gpio.c.obj
                0x0000000000001bde                GPIO_PinSetInterruptConfig
 .text.GPIO_PinInit
                0x0000000000001c58       0x94 CMakeFiles/ecspi_polling_b2b_transfer_master.elf.dir/drivers/fsl_gpio.c.obj
                0x0000000000001c58                GPIO_PinInit
 .text.UART_GetInstance
                0x0000000000001cec       0x38 CMakeFiles/ecspi_polling_b2b_transfer_master.elf.dir/drivers/fsl_uart.c.obj
                0x0000000000001cec                UART_GetInstance
 .text.UART_GetDefaultConfig
                0x0000000000001d24       0x28 CMakeFiles/ecspi_polling_b2b_transfer_master.elf.dir/drivers/fsl_uart.c.obj
                0x0000000000001d24                UART_GetDefaultConfig
 .text.UART_SetBaudRate
                0x0000000000001d4c      0x154 CMakeFiles/ecspi_polling_b2b_transfer_master.elf.dir/drivers/fsl_uart.c.obj
                0x0000000000001d4c                UART_SetBaudRate
 .text.UART_Init
                0x0000000000001ea0      0x150 CMakeFiles/ecspi_polling_b2b_transfer_master.elf.dir/drivers/fsl_uart.c.obj
                0x0000000000001ea0                UART_Init
 .text.UART_WriteBlocking
                0x0000000000001ff0       0x22 CMakeFiles/ecspi_polling_b2b_transfer_master.elf.dir/drivers/fsl_uart.c.obj
                0x0000000000001ff0                UART_WriteBlocking
 .text.UART_ReadBlocking
                0x0000000000002012       0x62 CMakeFiles/ecspi_polling_b2b_transfer_master.elf.dir/drivers/fsl_uart.c.obj
                0x0000000000002012                UART_ReadBlocking
 .text.UART1_DriverIRQHandler
                0x0000000000002074       0x20 CMakeFiles/ecspi_polling_b2b_transfer_master.elf.dir/drivers/fsl_uart.c.obj
                0x0000000000002074                UART1_DriverIRQHandler
 .text.UART2_DriverIRQHandler
                0x0000000000002094       0x20 CMakeFiles/ecspi_polling_b2b_transfer_master.elf.dir/drivers/fsl_uart.c.obj
                0x0000000000002094                UART2_DriverIRQHandler
 .text.UART3_DriverIRQHandler
                0x00000000000020b4       0x20 CMakeFiles/ecspi_polling_b2b_transfer_master.elf.dir/drivers/fsl_uart.c.obj
                0x00000000000020b4                UART3_DriverIRQHandler
 .text.UART4_DriverIRQHandler
                0x00000000000020d4       0x20 CMakeFiles/ecspi_polling_b2b_transfer_master.elf.dir/drivers/fsl_uart.c.obj
                0x00000000000020d4                UART4_DriverIRQHandler
 .text.RDC_SetMasterDomainAssignment
                0x00000000000020f4        0xa CMakeFiles/ecspi_polling_b2b_transfer_master.elf.dir/drivers/fsl_rdc.c.obj
                0x00000000000020f4                RDC_SetMasterDomainAssignment
 *fill*         0x00000000000020fe        0x2 
 .text.DbgConsole_Init
                0x0000000000002100       0x50 CMakeFiles/ecspi_polling_b2b_transfer_master.elf.dir/utilities/fsl_debug_console.c.obj
                0x0000000000002100                DbgConsole_Init
 .text.exit     0x0000000000002150       0x24 /home/teleport/.mcuxpressotools/arm-gnu-toolchain-12.2.rel1-x86_64-arm-none-eabi/bin/../lib/gcc/arm-none-eabi/12.2.1/../../../../arm-none-eabi/lib/thumb/v7e-m+fp/hard/libc_nano.a(libc_a-exit.o)
                0x0000000000002150                exit
 .text.__libc_init_array
                0x0000000000002174       0x48 /home/teleport/.mcuxpressotools/arm-gnu-toolchain-12.2.rel1-x86_64-arm-none-eabi/bin/../lib/gcc/arm-none-eabi/12.2.1/../../../../arm-none-eabi/lib/thumb/v7e-m+fp/hard/libc_nano.a(libc_a-init.o)
                0x0000000000002174                __libc_init_array
 .text.memset   0x00000000000021bc       0x10 /home/teleport/.mcuxpressotools/arm-gnu-toolchain-12.2.rel1-x86_64-arm-none-eabi/bin/../lib/gcc/arm-none-eabi/12.2.1/../../../../arm-none-eabi/lib/thumb/v7e-m+fp/hard/libc_nano.a(libc_a-memset.o)
                0x00000000000021bc                memset
 .text.__udivmoddi4
                0x00000000000021cc      0x2bc /home/teleport/.mcuxpressotools/arm-gnu-toolchain-12.2.rel1-x86_64-arm-none-eabi/bin/../lib/gcc/arm-none-eabi/12.2.1/thumb/v7e-m+fp/hard/libgcc.a(_udivmoddi4.o)
                0x00000000000021cc                __udivmoddi4
 .text._exit    0x0000000000002488        0x4 /home/teleport/.mcuxpressotools/arm-gnu-toolchain-12.2.rel1-x86_64-arm-none-eabi/bin/../lib/gcc/arm-none-eabi/12.2.1/../../../../arm-none-eabi/lib/thumb/v7e-m+fp/hard/libnosys.a(_exit.o)
                0x0000000000002488                _exit
 *(.rodata)
 *(.rodata*)
 .rodata.g_saiPLLConfig
                0x000000000000248c       0x10 CMakeFiles/ecspi_polling_b2b_transfer_master.elf.dir/board/clock_config.c.obj
                0x000000000000248c                g_saiPLLConfig
 .rodata.g_audioPll2Config
                0x000000000000249c       0x10 CMakeFiles/ecspi_polling_b2b_transfer_master.elf.dir/board/clock_config.c.obj
                0x000000000000249c                g_audioPll2Config
 .rodata.g_audioPll1Config
                0x00000000000024ac       0x10 CMakeFiles/ecspi_polling_b2b_transfer_master.elf.dir/board/clock_config.c.obj
                0x00000000000024ac                g_audioPll1Config
 .rodata.s_UartAdapterBase
                0x00000000000024bc       0x14 CMakeFiles/ecspi_polling_b2b_transfer_master.elf.dir/component/uart/fsl_adapter_iuart.c.obj
 .rodata.s_ecspiClock
                0x00000000000024d0       0x10 CMakeFiles/ecspi_polling_b2b_transfer_master.elf.dir/drivers/fsl_ecspi.c.obj
 .rodata.s_gptClocks
                0x00000000000024e0       0x1c CMakeFiles/ecspi_polling_b2b_transfer_master.elf.dir/drivers/fsl_gpt.c.obj
 .rodata.s_gptBases
                0x00000000000024fc       0x1c CMakeFiles/ecspi_polling_b2b_transfer_master.elf.dir/drivers/fsl_gpt.c.obj
 .rodata.s_gpioClock
                0x0000000000002518       0x18 CMakeFiles/ecspi_polling_b2b_transfer_master.elf.dir/drivers/fsl_gpio.c.obj
 .rodata.CSWTCH.36
                0x0000000000002530        0x6 CMakeFiles/ecspi_polling_b2b_transfer_master.elf.dir/drivers/fsl_uart.c.obj
 *fill*         0x0000000000002536        0x2 
 .rodata.s_uartClock
                0x0000000000002538       0x14 CMakeFiles/ecspi_polling_b2b_transfer_master.elf.dir/drivers/fsl_uart.c.obj
 *(.glue_7)
 .glue_7        0x000000000000254c        0x0 linker stubs
 *(.glue_7t)
 .glue_7t       0x000000000000254c        0x0 linker stubs
 *(.eh_frame)
 .eh_frame      0x000000000000254c        0x0 /home/teleport/.mcuxpressotools/arm-gnu-toolchain-12.2.rel1-x86_64-arm-none-eabi/bin/../lib/gcc/arm-none-eabi/12.2.1/thumb/v7e-m+fp/hard/crtbegin.o
 *(.init)
 .init          0x000000000000254c        0x4 /home/teleport/.mcuxpressotools/arm-gnu-toolchain-12.2.rel1-x86_64-arm-none-eabi/bin/../lib/gcc/arm-none-eabi/12.2.1/thumb/v7e-m+fp/hard/crti.o
                0x000000000000254c                _init
 .init          0x0000000000002550        0x8 /home/teleport/.mcuxpressotools/arm-gnu-toolchain-12.2.rel1-x86_64-arm-none-eabi/bin/../lib/gcc/arm-none-eabi/12.2.1/thumb/v7e-m+fp/hard/crtn.o
 *(.fini)
 .fini          0x0000000000002558        0x4 /home/teleport/.mcuxpressotools/arm-gnu-toolchain-12.2.rel1-x86_64-arm-none-eabi/bin/../lib/gcc/arm-none-eabi/12.2.1/thumb/v7e-m+fp/hard/crti.o
                0x0000000000002558                _fini
 .fini          0x000000000000255c        0x8 /home/teleport/.mcuxpressotools/arm-gnu-toolchain-12.2.rel1-x86_64-arm-none-eabi/bin/../lib/gcc/arm-none-eabi/12.2.1/thumb/v7e-m+fp/hard/crtn.o
                0x0000000000002564                . = ALIGN (0x4)

.vfp11_veneer   0x0000000000002564        0x0
 .vfp11_veneer  0x0000000000002564        0x0 linker stubs

.v4_bx          0x0000000000002564        0x0
 .v4_bx         0x0000000000002564        0x0 linker stubs

.iplt           0x0000000000002564        0x0
 .iplt          0x0000000000002564        0x0 /home/teleport/.mcuxpressotools/arm-gnu-toolchain-12.2.rel1-x86_64-arm-none-eabi/bin/../lib/gcc/arm-none-eabi/12.2.1/thumb/v7e-m+fp/hard/crtbegin.o

.ARM.extab
 *(.ARM.extab* .gnu.linkonce.armextab.*)

.ARM            0x0000000000002564        0x8
                0x0000000000002564                __exidx_start = .
 *(.ARM.exidx*)
 .ARM.exidx     0x0000000000002564        0x8 /home/teleport/.mcuxpressotools/arm-gnu-toolchain-12.2.rel1-x86_64-arm-none-eabi/bin/../lib/gcc/arm-none-eabi/12.2.1/../../../../arm-none-eabi/lib/thumb/v7e-m+fp/hard/crt0.o
                                         0x10 (size before relaxing)
 .ARM.exidx.text.__udivmoddi4
                0x000000000000256c        0x0 /home/teleport/.mcuxpressotools/arm-gnu-toolchain-12.2.rel1-x86_64-arm-none-eabi/bin/../lib/gcc/arm-none-eabi/12.2.1/thumb/v7e-m+fp/hard/libgcc.a(_udivmoddi4.o)
                                          0x8 (size before relaxing)
                0x000000000000256c                __exidx_end = .

.rel.dyn        0x000000000000256c        0x0
 .rel.iplt      0x000000000000256c        0x0 /home/teleport/.mcuxpressotools/arm-gnu-toolchain-12.2.rel1-x86_64-arm-none-eabi/bin/../lib/gcc/arm-none-eabi/12.2.1/thumb/v7e-m+fp/hard/crtbegin.o

.ctors          0x000000000000256c        0x0
                0x000000000000256c                __CTOR_LIST__ = .
 *crtbegin.o(.ctors)
 *crtbegin?.o(.ctors)
 *(EXCLUDE_FILE(*crtend.o *crtend?.o) .ctors)
 *(SORT_BY_NAME(.ctors.*))
 *(.ctors)
                0x000000000000256c                __CTOR_END__ = .

.dtors          0x000000000000256c        0x0
                0x000000000000256c                __DTOR_LIST__ = .
 *crtbegin.o(.dtors)
 *crtbegin?.o(.dtors)
 *(EXCLUDE_FILE(*crtend.o *crtend?.o) .dtors)
 *(SORT_BY_NAME(.dtors.*))
 *(.dtors)
                0x000000000000256c                __DTOR_END__ = .

.preinit_array  0x000000000000256c        0x0
                0x000000000000256c                PROVIDE (__preinit_array_start = .)
 *(.preinit_array*)
                0x000000000000256c                PROVIDE (__preinit_array_end = .)

.init_array     0x000000000000256c        0x4
                0x000000000000256c                PROVIDE (__init_array_start = .)
 *(SORT_BY_NAME(.init_array.*))
 *(.init_array*)
 .init_array    0x000000000000256c        0x4 /home/teleport/.mcuxpressotools/arm-gnu-toolchain-12.2.rel1-x86_64-arm-none-eabi/bin/../lib/gcc/arm-none-eabi/12.2.1/thumb/v7e-m+fp/hard/crtbegin.o
                0x0000000000002570                PROVIDE (__init_array_end = .)

.fini_array     0x0000000000002570        0x4
                [!provide]                        PROVIDE (__fini_array_start = .)
 *(SORT_BY_NAME(.fini_array.*))
 *(.fini_array*)
 .fini_array    0x0000000000002570        0x4 /home/teleport/.mcuxpressotools/arm-gnu-toolchain-12.2.rel1-x86_64-arm-none-eabi/bin/../lib/gcc/arm-none-eabi/12.2.1/thumb/v7e-m+fp/hard/crtbegin.o
                [!provide]                        PROVIDE (__fini_array_end = .)
                0x0000000000002574                __etext = .
                0x0000000000002574                __DATA_ROM = .

.data           0x0000000020000000        0x4 load address 0x0000000000002574
                0x0000000020000000                . = ALIGN (0x4)
                0x0000000020000000                __DATA_RAM = .
                0x0000000020000000                __data_start__ = .
 *(.data)
 *(.data*)
 .data.SystemCoreClock
                0x0000000020000000        0x4 CMakeFiles/ecspi_polling_b2b_transfer_master.elf.dir/device/system_MIMX8ML8_cm7.c.obj
                0x0000000020000000                SystemCoreClock
 *(.jcr*)
                0x0000000020000004                . = ALIGN (0x4)
                0x0000000020000004                __data_end__ = .
                0x0000000000000000                __CACHE_REGION_START = ORIGIN (m_interrupts)
                0x0000000000000000                __CACHE_REGION_SIZE = 0x0
                0x0000000000002578                __NDATA_ROM = (__DATA_ROM + SIZEOF (.data))

.tm_clone_table
                0x0000000020000004        0x0 load address 0x0000000000002578
 .tm_clone_table
                0x0000000020000004        0x0 /home/teleport/.mcuxpressotools/arm-gnu-toolchain-12.2.rel1-x86_64-arm-none-eabi/bin/../lib/gcc/arm-none-eabi/12.2.1/thumb/v7e-m+fp/hard/crtbegin.o
 .tm_clone_table
                0x0000000020000004        0x0 /home/teleport/.mcuxpressotools/arm-gnu-toolchain-12.2.rel1-x86_64-arm-none-eabi/bin/../lib/gcc/arm-none-eabi/12.2.1/thumb/v7e-m+fp/hard/crtend.o

.igot.plt       0x0000000020000004        0x0 load address 0x0000000000002578
 .igot.plt      0x0000000020000004        0x0 /home/teleport/.mcuxpressotools/arm-gnu-toolchain-12.2.rel1-x86_64-arm-none-eabi/bin/../lib/gcc/arm-none-eabi/12.2.1/thumb/v7e-m+fp/hard/crtbegin.o

.ncache.init    0x0000000080000000        0x0 load address 0x0000000000002578
                0x0000000080000000                __noncachedata_start__ = .
 *(NonCacheable.init)
                0x0000000080000000                . = ALIGN (0x4)
                0x0000000080000000                __noncachedata_init_end__ = .
                0x0000000080000000                . = __noncachedata_init_end__

.ncache         0x0000000080000000        0x0
 *(NonCacheable)
                0x0000000080000000                . = ALIGN (0x4)
                0x0000000080000000                __noncachedata_end__ = .
                0x0000000000002578                __DATA_END = (__DATA_ROM + (__data_end__ - __data_start__))
                0x0000000000020000                text_end = (ORIGIN (m_text) + LENGTH (m_text))
                0x0000000000000001                ASSERT ((__DATA_END <= text_end), region m_text overflowed with text and data)

.bss            0x0000000020000004       0x68 load address 0x0000000000002578
                0x0000000020000004                . = ALIGN (0x4)
                0x0000000020000004                __START_BSS = .
                0x0000000020000004                __bss_start__ = .
 *(.bss)
 *(.bss*)
 .bss.completed.1
                0x0000000020000004        0x1 /home/teleport/.mcuxpressotools/arm-gnu-toolchain-12.2.rel1-x86_64-arm-none-eabi/bin/../lib/gcc/arm-none-eabi/12.2.1/thumb/v7e-m+fp/hard/crtbegin.o
 *fill*         0x0000000020000005        0x3 
 .bss.object.0  0x0000000020000008       0x18 /home/teleport/.mcuxpressotools/arm-gnu-toolchain-12.2.rel1-x86_64-arm-none-eabi/bin/../lib/gcc/arm-none-eabi/12.2.1/thumb/v7e-m+fp/hard/crtbegin.o
 .bss.nextChannelToRead.0
                0x0000000020000020        0x4 CMakeFiles/ecspi_polling_b2b_transfer_master.elf.dir/source/adc/ads8028.c.obj
 .bss.s_ecspiSlaveIsr
                0x0000000020000024        0x4 CMakeFiles/ecspi_polling_b2b_transfer_master.elf.dir/drivers/fsl_ecspi.c.obj
 .bss.s_ecspiMasterIsr
                0x0000000020000028        0x4 CMakeFiles/ecspi_polling_b2b_transfer_master.elf.dir/drivers/fsl_ecspi.c.obj
 .bss.s_ecspiHandle
                0x000000002000002c       0x10 CMakeFiles/ecspi_polling_b2b_transfer_master.elf.dir/drivers/fsl_ecspi.c.obj
 .bss.s_uartHandle
                0x000000002000003c       0x14 CMakeFiles/ecspi_polling_b2b_transfer_master.elf.dir/drivers/fsl_uart.c.obj
                0x000000002000003c                s_uartHandle
 .bss.s_uartIsr
                0x0000000020000050        0x4 CMakeFiles/ecspi_polling_b2b_transfer_master.elf.dir/drivers/fsl_uart.c.obj
                0x0000000020000050                s_uartIsr
 .bss.s_debugConsole
                0x0000000020000054       0x14 CMakeFiles/ecspi_polling_b2b_transfer_master.elf.dir/utilities/fsl_debug_console.c.obj
 .bss.__stdio_exit_handler
                0x0000000020000068        0x4 /home/teleport/.mcuxpressotools/arm-gnu-toolchain-12.2.rel1-x86_64-arm-none-eabi/bin/../lib/gcc/arm-none-eabi/12.2.1/../../../../arm-none-eabi/lib/thumb/v7e-m+fp/hard/libc_nano.a(libc_a-findfp.o)
                0x0000000020000068                __stdio_exit_handler
 *(COMMON)
                0x000000002000006c                . = ALIGN (0x4)
                0x000000002000006c                __bss_end__ = .
                0x000000002000006c                __END_BSS = .

.heap           0x000000002000006c      0x404 load address 0x00000000000025e0
                0x0000000020000070                . = ALIGN (0x8)
 *fill*         0x000000002000006c        0x4 
                0x0000000020000070                __end__ = .
                0x0000000020000070                PROVIDE (end = .)
                0x0000000020000070                __HeapBase = .
                0x0000000020000470                . = (. + HEAP_SIZE)
 *fill*         0x0000000020000070      0x400 
                0x0000000020000470                __HeapLimit = .
                0x0000000020000470                __heap_limit = .

.stack          0x0000000020000470      0x400 load address 0x00000000000029e4
                0x0000000020000470                . = ALIGN (0x8)
                0x0000000020000870                . = (. + STACK_SIZE)
 *fill*         0x0000000020000470      0x400 
                0x0000000020020000                __StackTop = (ORIGIN (m_data) + LENGTH (m_data))
                0x000000002001fc00                __StackLimit = (__StackTop - STACK_SIZE)
                0x0000000020020000                PROVIDE (__stack = __StackTop)

.ARM.attributes
                0x0000000000000000       0x30
 *(.ARM.attributes)
 .ARM.attributes
                0x0000000000000000       0x22 /home/teleport/.mcuxpressotools/arm-gnu-toolchain-12.2.rel1-x86_64-arm-none-eabi/bin/../lib/gcc/arm-none-eabi/12.2.1/thumb/v7e-m+fp/hard/crti.o
 .ARM.attributes
                0x0000000000000022       0x34 /home/teleport/.mcuxpressotools/arm-gnu-toolchain-12.2.rel1-x86_64-arm-none-eabi/bin/../lib/gcc/arm-none-eabi/12.2.1/thumb/v7e-m+fp/hard/crtbegin.o
 .ARM.attributes
                0x0000000000000056       0x20 /home/teleport/.mcuxpressotools/arm-gnu-toolchain-12.2.rel1-x86_64-arm-none-eabi/bin/../lib/gcc/arm-none-eabi/12.2.1/../../../../arm-none-eabi/lib/thumb/v7e-m+fp/hard/crt0.o
 .ARM.attributes
                0x0000000000000076       0x34 CMakeFiles/ecspi_polling_b2b_transfer_master.elf.dir/board/board.c.obj
 .ARM.attributes
                0x00000000000000aa       0x34 CMakeFiles/ecspi_polling_b2b_transfer_master.elf.dir/board/clock_config.c.obj
 .ARM.attributes
                0x00000000000000de       0x34 CMakeFiles/ecspi_polling_b2b_transfer_master.elf.dir/board/pin_mux.c.obj
 .ARM.attributes
                0x0000000000000112       0x34 CMakeFiles/ecspi_polling_b2b_transfer_master.elf.dir/remoteproc/empty_rsc_table.c.obj
 .ARM.attributes
                0x0000000000000146       0x34 CMakeFiles/ecspi_polling_b2b_transfer_master.elf.dir/source/main.c.obj
 .ARM.attributes
                0x000000000000017a       0x34 CMakeFiles/ecspi_polling_b2b_transfer_master.elf.dir/source/adc/ads8028.c.obj
 .ARM.attributes
                0x00000000000001ae       0x34 CMakeFiles/ecspi_polling_b2b_transfer_master.elf.dir/component/uart/fsl_adapter_iuart.c.obj
 .ARM.attributes
                0x00000000000001e2       0x1f CMakeFiles/ecspi_polling_b2b_transfer_master.elf.dir/startup/startup_MIMX8ML8_cm7.S.obj
 .ARM.attributes
                0x0000000000000201       0x34 CMakeFiles/ecspi_polling_b2b_transfer_master.elf.dir/device/system_MIMX8ML8_cm7.c.obj
 .ARM.attributes
                0x0000000000000235       0x34 CMakeFiles/ecspi_polling_b2b_transfer_master.elf.dir/drivers/fsl_audiomix.c.obj
 .ARM.attributes
                0x0000000000000269       0x34 CMakeFiles/ecspi_polling_b2b_transfer_master.elf.dir/drivers/fsl_clock.c.obj
 .ARM.attributes
                0x000000000000029d       0x34 CMakeFiles/ecspi_polling_b2b_transfer_master.elf.dir/drivers/fsl_ecspi.c.obj
 .ARM.attributes
                0x00000000000002d1       0x34 CMakeFiles/ecspi_polling_b2b_transfer_master.elf.dir/drivers/fsl_gpt.c.obj
 .ARM.attributes
                0x0000000000000305       0x34 CMakeFiles/ecspi_polling_b2b_transfer_master.elf.dir/drivers/fsl_gpio.c.obj
 .ARM.attributes
                0x0000000000000339       0x34 CMakeFiles/ecspi_polling_b2b_transfer_master.elf.dir/drivers/fsl_uart.c.obj
 .ARM.attributes
                0x000000000000036d       0x34 CMakeFiles/ecspi_polling_b2b_transfer_master.elf.dir/drivers/fsl_rdc.c.obj
 .ARM.attributes
                0x00000000000003a1       0x20 CMakeFiles/ecspi_polling_b2b_transfer_master.elf.dir/utilities/fsl_memcpy.S.obj
 .ARM.attributes
                0x00000000000003c1       0x34 CMakeFiles/ecspi_polling_b2b_transfer_master.elf.dir/utilities/fsl_debug_console.c.obj
 .ARM.attributes
                0x00000000000003f5       0x34 /home/teleport/.mcuxpressotools/arm-gnu-toolchain-12.2.rel1-x86_64-arm-none-eabi/bin/../lib/gcc/arm-none-eabi/12.2.1/../../../../arm-none-eabi/lib/thumb/v7e-m+fp/hard/libc_nano.a(libc_a-exit.o)
 .ARM.attributes
                0x0000000000000429       0x34 /home/teleport/.mcuxpressotools/arm-gnu-toolchain-12.2.rel1-x86_64-arm-none-eabi/bin/../lib/gcc/arm-none-eabi/12.2.1/../../../../arm-none-eabi/lib/thumb/v7e-m+fp/hard/libc_nano.a(libc_a-init.o)
 .ARM.attributes
                0x000000000000045d       0x34 /home/teleport/.mcuxpressotools/arm-gnu-toolchain-12.2.rel1-x86_64-arm-none-eabi/bin/../lib/gcc/arm-none-eabi/12.2.1/../../../../arm-none-eabi/lib/thumb/v7e-m+fp/hard/libc_nano.a(libc_a-findfp.o)
 .ARM.attributes
                0x0000000000000491       0x34 /home/teleport/.mcuxpressotools/arm-gnu-toolchain-12.2.rel1-x86_64-arm-none-eabi/bin/../lib/gcc/arm-none-eabi/12.2.1/../../../../arm-none-eabi/lib/thumb/v7e-m+fp/hard/libc_nano.a(libc_a-memset.o)
 .ARM.attributes
                0x00000000000004c5       0x22 /home/teleport/.mcuxpressotools/arm-gnu-toolchain-12.2.rel1-x86_64-arm-none-eabi/bin/../lib/gcc/arm-none-eabi/12.2.1/thumb/v7e-m+fp/hard/libgcc.a(_aeabi_uldivmod.o)
 .ARM.attributes
                0x00000000000004e7       0x34 /home/teleport/.mcuxpressotools/arm-gnu-toolchain-12.2.rel1-x86_64-arm-none-eabi/bin/../lib/gcc/arm-none-eabi/12.2.1/thumb/v7e-m+fp/hard/libgcc.a(_udivmoddi4.o)
 .ARM.attributes
                0x000000000000051b       0x22 /home/teleport/.mcuxpressotools/arm-gnu-toolchain-12.2.rel1-x86_64-arm-none-eabi/bin/../lib/gcc/arm-none-eabi/12.2.1/thumb/v7e-m+fp/hard/libgcc.a(_dvmd_tls.o)
 .ARM.attributes
                0x000000000000053d       0x34 /home/teleport/.mcuxpressotools/arm-gnu-toolchain-12.2.rel1-x86_64-arm-none-eabi/bin/../lib/gcc/arm-none-eabi/12.2.1/../../../../arm-none-eabi/lib/thumb/v7e-m+fp/hard/libnosys.a(_exit.o)
 .ARM.attributes
                0x0000000000000571       0x34 /home/teleport/.mcuxpressotools/arm-gnu-toolchain-12.2.rel1-x86_64-arm-none-eabi/bin/../lib/gcc/arm-none-eabi/12.2.1/thumb/v7e-m+fp/hard/crtend.o
 .ARM.attributes
                0x00000000000005a5       0x22 /home/teleport/.mcuxpressotools/arm-gnu-toolchain-12.2.rel1-x86_64-arm-none-eabi/bin/../lib/gcc/arm-none-eabi/12.2.1/thumb/v7e-m+fp/hard/crtn.o
                0x0000000000000001                ASSERT ((__StackLimit >= __HeapLimit), region m_data overflowed with stack and heap)
OUTPUT(ecspi_polling_b2b_transfer_master.elf elf32-littlearm)
LOAD linker stubs

.debug_line_str
                0x0000000000000000      0x1aa
 .debug_line_str
                0x0000000000000000       0xdc /home/teleport/.mcuxpressotools/arm-gnu-toolchain-12.2.rel1-x86_64-arm-none-eabi/bin/../lib/gcc/arm-none-eabi/12.2.1/../../../../arm-none-eabi/lib/thumb/v7e-m+fp/hard/crt0.o
 .debug_line_str
                0x00000000000000dc       0xc2 /home/teleport/.mcuxpressotools/arm-gnu-toolchain-12.2.rel1-x86_64-arm-none-eabi/bin/../lib/gcc/arm-none-eabi/12.2.1/thumb/v7e-m+fp/hard/libgcc.a(_aeabi_uldivmod.o)
 .debug_line_str
                0x000000000000019e        0xc /home/teleport/.mcuxpressotools/arm-gnu-toolchain-12.2.rel1-x86_64-arm-none-eabi/bin/../lib/gcc/arm-none-eabi/12.2.1/thumb/v7e-m+fp/hard/libgcc.a(_dvmd_tls.o)
                                         0xc6 (size before relaxing)

.comment        0x0000000000000000       0x45
 .comment       0x0000000000000000       0x45 CMakeFiles/ecspi_polling_b2b_transfer_master.elf.dir/board/board.c.obj
                                         0x46 (size before relaxing)
 .comment       0x0000000000000045       0x46 CMakeFiles/ecspi_polling_b2b_transfer_master.elf.dir/board/clock_config.c.obj
 .comment       0x0000000000000045       0x46 CMakeFiles/ecspi_polling_b2b_transfer_master.elf.dir/board/pin_mux.c.obj
 .comment       0x0000000000000045       0x46 CMakeFiles/ecspi_polling_b2b_transfer_master.elf.dir/remoteproc/empty_rsc_table.c.obj
 .comment       0x0000000000000045       0x46 CMakeFiles/ecspi_polling_b2b_transfer_master.elf.dir/source/main.c.obj
 .comment       0x0000000000000045       0x46 CMakeFiles/ecspi_polling_b2b_transfer_master.elf.dir/source/adc/ads8028.c.obj
 .comment       0x0000000000000045       0x46 CMakeFiles/ecspi_polling_b2b_transfer_master.elf.dir/component/uart/fsl_adapter_iuart.c.obj
 .comment       0x0000000000000045       0x46 CMakeFiles/ecspi_polling_b2b_transfer_master.elf.dir/device/system_MIMX8ML8_cm7.c.obj
 .comment       0x0000000000000045       0x46 CMakeFiles/ecspi_polling_b2b_transfer_master.elf.dir/drivers/fsl_audiomix.c.obj
 .comment       0x0000000000000045       0x46 CMakeFiles/ecspi_polling_b2b_transfer_master.elf.dir/drivers/fsl_clock.c.obj
 .comment       0x0000000000000045       0x46 CMakeFiles/ecspi_polling_b2b_transfer_master.elf.dir/drivers/fsl_ecspi.c.obj
 .comment       0x0000000000000045       0x46 CMakeFiles/ecspi_polling_b2b_transfer_master.elf.dir/drivers/fsl_gpt.c.obj
 .comment       0x0000000000000045       0x46 CMakeFiles/ecspi_polling_b2b_transfer_master.elf.dir/drivers/fsl_gpio.c.obj
 .comment       0x0000000000000045       0x46 CMakeFiles/ecspi_polling_b2b_transfer_master.elf.dir/drivers/fsl_uart.c.obj
 .comment       0x0000000000000045       0x46 CMakeFiles/ecspi_polling_b2b_transfer_master.elf.dir/drivers/fsl_rdc.c.obj
 .comment       0x0000000000000045       0x46 CMakeFiles/ecspi_polling_b2b_transfer_master.elf.dir/utilities/fsl_debug_console.c.obj

.debug_frame    0x0000000000000000      0x238
 .debug_frame   0x0000000000000000       0x28 /home/teleport/.mcuxpressotools/arm-gnu-toolchain-12.2.rel1-x86_64-arm-none-eabi/bin/../lib/gcc/arm-none-eabi/12.2.1/../../../../arm-none-eabi/lib/thumb/v7e-m+fp/hard/libc_nano.a(libc_a-exit.o)
 .debug_frame   0x0000000000000028       0x2c /home/teleport/.mcuxpressotools/arm-gnu-toolchain-12.2.rel1-x86_64-arm-none-eabi/bin/../lib/gcc/arm-none-eabi/12.2.1/../../../../arm-none-eabi/lib/thumb/v7e-m+fp/hard/libc_nano.a(libc_a-init.o)
 .debug_frame   0x0000000000000054      0x144 /home/teleport/.mcuxpressotools/arm-gnu-toolchain-12.2.rel1-x86_64-arm-none-eabi/bin/../lib/gcc/arm-none-eabi/12.2.1/../../../../arm-none-eabi/lib/thumb/v7e-m+fp/hard/libc_nano.a(libc_a-findfp.o)
 .debug_frame   0x0000000000000198       0x20 /home/teleport/.mcuxpressotools/arm-gnu-toolchain-12.2.rel1-x86_64-arm-none-eabi/bin/../lib/gcc/arm-none-eabi/12.2.1/../../../../arm-none-eabi/lib/thumb/v7e-m+fp/hard/libc_nano.a(libc_a-memset.o)
 .debug_frame   0x00000000000001b8       0x2c /home/teleport/.mcuxpressotools/arm-gnu-toolchain-12.2.rel1-x86_64-arm-none-eabi/bin/../lib/gcc/arm-none-eabi/12.2.1/thumb/v7e-m+fp/hard/libgcc.a(_aeabi_uldivmod.o)
 .debug_frame   0x00000000000001e4       0x34 /home/teleport/.mcuxpressotools/arm-gnu-toolchain-12.2.rel1-x86_64-arm-none-eabi/bin/../lib/gcc/arm-none-eabi/12.2.1/thumb/v7e-m+fp/hard/libgcc.a(_udivmoddi4.o)
 .debug_frame   0x0000000000000218       0x20 /home/teleport/.mcuxpressotools/arm-gnu-toolchain-12.2.rel1-x86_64-arm-none-eabi/bin/../lib/gcc/arm-none-eabi/12.2.1/../../../../arm-none-eabi/lib/thumb/v7e-m+fp/hard/libnosys.a(_exit.o)
